running egg_info
creating ../../build/Voice/Voice.egg-info
writing ../../build/Voice/Voice.egg-info/PKG-INFO
writing dependency_links to ../../build/Voice/Voice.egg-info/dependency_links.txt
writing entry points to ../../build/Voice/Voice.egg-info/entry_points.txt
writing requirements to ../../build/Voice/Voice.egg-info/requires.txt
writing top-level names to ../../build/Voice/Voice.egg-info/top_level.txt
writing manifest file '../../build/Voice/Voice.egg-info/SOURCES.txt'
reading manifest file '../../build/Voice/Voice.egg-info/SOURCES.txt'
adding license file 'LICENSE'
writing manifest file '../../build/Voice/Voice.egg-info/SOURCES.txt'
running build
running build_py
creating /home/vero/PumasLogistics/PC_user/src/HRI/build/Voice/build
creating /home/vero/PumasLogistics/PC_user/src/HRI/build/Voice/build/lib
creating /home/vero/PumasLogistics/PC_user/src/HRI/build/Voice/build/lib/Voice
copying Voice/voice_listener.py -> /home/vero/PumasLogistics/PC_user/src/HRI/build/Voice/build/lib/Voice
copying Voice/__init__.py -> /home/vero/PumasLogistics/PC_user/src/HRI/build/Voice/build/lib/Voice
copying Voice/voice_talker.py -> /home/vero/PumasLogistics/PC_user/src/HRI/build/Voice/build/lib/Voice
running install
running install_lib
creating /home/vero/PumasLogistics/PC_user/src/HRI/install/Voice/lib/python3.12/site-packages/Voice
copying /home/vero/PumasLogistics/PC_user/src/HRI/build/Voice/build/lib/Voice/voice_listener.py -> /home/vero/PumasLogistics/PC_user/src/HRI/install/Voice/lib/python3.12/site-packages/Voice
copying /home/vero/PumasLogistics/PC_user/src/HRI/build/Voice/build/lib/Voice/__init__.py -> /home/vero/PumasLogistics/PC_user/src/HRI/install/Voice/lib/python3.12/site-packages/Voice
copying /home/vero/PumasLogistics/PC_user/src/HRI/build/Voice/build/lib/Voice/voice_talker.py -> /home/vero/PumasLogistics/PC_user/src/HRI/install/Voice/lib/python3.12/site-packages/Voice
byte-compiling /home/vero/PumasLogistics/PC_user/src/HRI/install/Voice/lib/python3.12/site-packages/Voice/voice_listener.py to voice_listener.cpython-312.pyc
byte-compiling /home/vero/PumasLogistics/PC_user/src/HRI/install/Voice/lib/python3.12/site-packages/Voice/__init__.py to __init__.cpython-312.pyc
byte-compiling /home/vero/PumasLogistics/PC_user/src/HRI/install/Voice/lib/python3.12/site-packages/Voice/voice_talker.py to voice_talker.cpython-312.pyc
running install_data
creating /home/vero/PumasLogistics/PC_user/src/HRI/install/Voice/share/ament_index
creating /home/vero/PumasLogistics/PC_user/src/HRI/install/Voice/share/ament_index/resource_index
creating /home/vero/PumasLogistics/PC_user/src/HRI/install/Voice/share/ament_index/resource_index/packages
copying resource/Voice -> /home/vero/PumasLogistics/PC_user/src/HRI/install/Voice/share/ament_index/resource_index/packages
copying package.xml -> /home/vero/PumasLogistics/PC_user/src/HRI/install/Voice/share/Voice
running install_egg_info
Copying ../../build/Voice/Voice.egg-info to /home/vero/PumasLogistics/PC_user/src/HRI/install/Voice/lib/python3.12/site-packages/Voice-0.0.0-py3.12.egg-info
running install_scripts
Installing voice_listener script to /home/vero/PumasLogistics/PC_user/src/HRI/install/Voice/lib/Voice
Installing voice_talker script to /home/vero/PumasLogistics/PC_user/src/HRI/install/Voice/lib/Voice
writing list of installed files to '/home/vero/PumasLogistics/PC_user/src/HRI/build/Voice/install.log'
