[0.810s] Invoking command in '/home/vero/PumasLogistics/PC_user/src/HRI/src/Voice': DEBUGINFOD_URLS=https://debuginfod.ubuntu.com PYTHONPATH=/home/vero/PumasLogistics/PC_user/src/HRI/build/Voice/prefix_override:/usr/lib/python3/dist-packages/colcon_core/task/python/colcon_distutils_commands:/home/vero/PumasLogistics/PC_user/src/HRI/install/Voice/lib/python3.12/site-packages:${PYTHONPATH} /usr/bin/python3 -W ignore:setup.py install is deprecated -W ignore:easy_install command is deprecated setup.py egg_info --egg-base ../../build/Voice build --build-base /home/vero/PumasLogistics/PC_user/src/HRI/build/Voice/build install --record /home/vero/PumasLogistics/PC_user/src/HRI/build/Voice/install.log --single-version-externally-managed install_data
[0.998s] running egg_info
[0.998s] creating ../../build/Voice/Voice.egg-info
[1.011s] writing ../../build/Voice/Voice.egg-info/PKG-INFO
[1.011s] writing dependency_links to ../../build/Voice/Voice.egg-info/dependency_links.txt
[1.012s] writing entry points to ../../build/Voice/Voice.egg-info/entry_points.txt
[1.012s] writing requirements to ../../build/Voice/Voice.egg-info/requires.txt
[1.012s] writing top-level names to ../../build/Voice/Voice.egg-info/top_level.txt
[1.012s] writing manifest file '../../build/Voice/Voice.egg-info/SOURCES.txt'
[1.039s] reading manifest file '../../build/Voice/Voice.egg-info/SOURCES.txt'
[1.039s] adding license file 'LICENSE'
[1.040s] writing manifest file '../../build/Voice/Voice.egg-info/SOURCES.txt'
[1.040s] running build
[1.040s] running build_py
[1.040s] creating /home/vero/PumasLogistics/PC_user/src/HRI/build/Voice/build
[1.040s] creating /home/vero/PumasLogistics/PC_user/src/HRI/build/Voice/build/lib
[1.040s] creating /home/vero/PumasLogistics/PC_user/src/HRI/build/Voice/build/lib/Voice
[1.040s] copying Voice/voice_listener.py -> /home/vero/PumasLogistics/PC_user/src/HRI/build/Voice/build/lib/Voice
[1.040s] copying Voice/__init__.py -> /home/vero/PumasLogistics/PC_user/src/HRI/build/Voice/build/lib/Voice
[1.040s] copying Voice/voice_talker.py -> /home/vero/PumasLogistics/PC_user/src/HRI/build/Voice/build/lib/Voice
[1.040s] running install
[1.045s] running install_lib
[1.059s] creating /home/vero/PumasLogistics/PC_user/src/HRI/install/Voice/lib/python3.12/site-packages/Voice
[1.059s] copying /home/vero/PumasLogistics/PC_user/src/HRI/build/Voice/build/lib/Voice/voice_listener.py -> /home/vero/PumasLogistics/PC_user/src/HRI/install/Voice/lib/python3.12/site-packages/Voice
[1.059s] copying /home/vero/PumasLogistics/PC_user/src/HRI/build/Voice/build/lib/Voice/__init__.py -> /home/vero/PumasLogistics/PC_user/src/HRI/install/Voice/lib/python3.12/site-packages/Voice
[1.059s] copying /home/vero/PumasLogistics/PC_user/src/HRI/build/Voice/build/lib/Voice/voice_talker.py -> /home/vero/PumasLogistics/PC_user/src/HRI/install/Voice/lib/python3.12/site-packages/Voice
[1.059s] byte-compiling /home/vero/PumasLogistics/PC_user/src/HRI/install/Voice/lib/python3.12/site-packages/Voice/voice_listener.py to voice_listener.cpython-312.pyc
[1.060s] byte-compiling /home/vero/PumasLogistics/PC_user/src/HRI/install/Voice/lib/python3.12/site-packages/Voice/__init__.py to __init__.cpython-312.pyc
[1.060s] byte-compiling /home/vero/PumasLogistics/PC_user/src/HRI/install/Voice/lib/python3.12/site-packages/Voice/voice_talker.py to voice_talker.cpython-312.pyc
[1.060s] running install_data
[1.060s] creating /home/vero/PumasLogistics/PC_user/src/HRI/install/Voice/share/ament_index
[1.061s] creating /home/vero/PumasLogistics/PC_user/src/HRI/install/Voice/share/ament_index/resource_index
[1.061s] creating /home/vero/PumasLogistics/PC_user/src/HRI/install/Voice/share/ament_index/resource_index/packages
[1.061s] copying resource/Voice -> /home/vero/PumasLogistics/PC_user/src/HRI/install/Voice/share/ament_index/resource_index/packages
[1.061s] copying package.xml -> /home/vero/PumasLogistics/PC_user/src/HRI/install/Voice/share/Voice
[1.061s] running install_egg_info
[1.076s] Copying ../../build/Voice/Voice.egg-info to /home/vero/PumasLogistics/PC_user/src/HRI/install/Voice/lib/python3.12/site-packages/Voice-0.0.0-py3.12.egg-info
[1.076s] running install_scripts
[1.175s] Installing voice_listener script to /home/vero/PumasLogistics/PC_user/src/HRI/install/Voice/lib/Voice
[1.175s] Installing voice_talker script to /home/vero/PumasLogistics/PC_user/src/HRI/install/Voice/lib/Voice
[1.175s] writing list of installed files to '/home/vero/PumasLogistics/PC_user/src/HRI/build/Voice/install.log'
[1.199s] Invoked command in '/home/vero/PumasLogistics/PC_user/src/HRI/src/Voice' returned '0': DEBUGINFOD_URLS=https://debuginfod.ubuntu.com PYTHONPATH=/home/vero/PumasLogistics/PC_user/src/HRI/build/Voice/prefix_override:/usr/lib/python3/dist-packages/colcon_core/task/python/colcon_distutils_commands:/home/vero/PumasLogistics/PC_user/src/HRI/install/Voice/lib/python3.12/site-packages:${PYTHONPATH} /usr/bin/python3 -W ignore:setup.py install is deprecated -W ignore:easy_install command is deprecated setup.py egg_info --egg-base ../../build/Voice build --build-base /home/vero/PumasLogistics/PC_user/src/HRI/build/Voice/build install --record /home/vero/PumasLogistics/PC_user/src/HRI/build/Voice/install.log --single-version-externally-managed install_data
